
> rentspace-dashboard@0.1.0 build
> next build

Γû▓ Next.js 16.1.6 (Turbopack)
- Environments: .env.local

  Creating an optimized production build ...
Γ£ô Compiled successfully in 34.0s
  Running TypeScript ...
node.exe : Failed to compile.
At line:1 char:1
+ & "C:\Program Files\nodejs/node.exe" 
"C:\Users\Prajjawal Singh\AppDat ...
+ ~~~~~~~~~~~~~~~~~~~~~~~~~~~~~~~~~~~~~~~
~~~~~~~~~~~~~~~~~~~~~~~~~~~~~~
    + CategoryInfo          : NotSpecifi 
   ed: (Failed to compile.:String) [],   
  RemoteException
    + FullyQualifiedErrorId : NativeComm 
   andError
 

./src/features/accounts/api/use-accounts.
ts:2:15
Type error: Module '"@/types/api"' has 
no exported member 'AccountListQuery'.

[0m [90m 1 |[39m [36mimport[39m { 
useQuery } [36mfrom[39m [32m'@tanstack
/react-query'[39m[33m;[39m
[31m[1m>[22m[39m[90m 2 |[39m 
[36mimport[39m type { 
[33mAccountListQuery[39m[33m,[39m 
[33mAccountListResponse[39m[33m,[39m 
[33mPaginatedResponse[39m } 
[36mfrom[39m 
[32m'@/types/api'[39m[33m;[39m
 [90m   |[39m               
[31m[1m^[22m[39m
 [90m 3 |[39m [36mexport[39m type { 
[33mAccountListQuery[39m[33m,[39m 
[33mAccountListResponse[39m[33m,[39m 
[33mPaginatedResponse[39m }[33m;[39m
 [90m 4 |[39m [36mimport[39m { 
[33mAccountsService[39m } 
[36mfrom[39m [32m'../services/accounts
.service'[39m[33m;[39m
 [90m 5 |[39m[0m
Next.js build worker exited with code: 1 
and signal: null
